<html>
<body>
<pre>
<h1>µVision Build Log</h1>
<h2>Tool Versions:</h2>
IDE-Version: µVision V5.21.1.0
Copyright (C) 2016 ARM Ltd and ARM Germany GmbH. All rights reserved.
License Information: John Paul Soliva, none, LIC=----
 
Tool Versions:
Toolchain:       MDK-ARM Plus  Version: 5.21a
Toolchain Path:  C:\Keil_v5\ARM\ARMCC\Bin
C Compiler:      Armcc.exe V5.06 update 3 (build 300)
Assembler:       Armasm.exe V5.06 update 3 (build 300)
Linker/Locator:  ArmLink.exe V5.06 update 3 (build 300)
Library Manager: ArmAr.exe V5.06 update 3 (build 300)
Hex Converter:   FromElf.exe V5.06 update 3 (build 300)
CPU DLL:         SARMCM3.DLL V5.21a
Dialog DLL:      DCM.DLL V1.13.8.0
Target DLL:      STLink\ST-LINKIII-KEIL_SWO.dll V2.0.18.0
Dialog DLL:      TCM.DLL V1.14.14.0
 
<h2>Project:</h2>
C:\Users\jonpol\Desktop\STM32F3-Discovery_FW_V1.1.0\Project\Demonstration\MDK-ARM\Demo.uvprojx
Project File Date:  10/29/2016

<h2>Output:</h2>
*** Using Compiler 'V5.06 update 3 (build 300)', folder: 'C:\Keil_v5\ARM\ARMCC\Bin'
Rebuild target 'Demo'
assembling startup_stm32f30x.s...
compiling usb_sil.c...
compiling usb_mem.c...
compiling usb_int.c...
compiling usb_init.c...
compiling stm32f3_discovery.c...
compiling usb_core.c...
compiling usb_regs.c...
compiling stm32f3_discovery_lsm303dlhc.c...
compiling stm32f3_discovery_l3gd20.c...
compiling stm32f30x_comp.c...
compiling stm32f30x_can.c...
compiling stm32f30x_dac.c...
compiling stm32f30x_crc.c...
compiling stm32f30x_adc.c...
compiling stm32f30x_dbgmcu.c...
compiling stm32f30x_dma.c...
compiling stm32f30x_exti.c...
compiling stm32f30x_gpio.c...
compiling stm32f30x_iwdg.c...
compiling stm32f30x_i2c.c...
compiling stm32f30x_flash.c...
compiling stm32f30x_misc.c...
compiling stm32f30x_opamp.c...
compiling stm32f30x_pwr.c...
compiling stm32f30x_rcc.c...
compiling stm32f30x_rtc.c...
compiling stm32f30x_syscfg.c...
compiling stm32f30x_spi.c...
compiling stm32f30x_tim.c...
compiling stm32f30x_usart.c...
compiling stm32f30x_wwdg.c...
compiling hw_config.c...
compiling stm32f30x_it.c...
compiling usb_desc.c...
compiling system_stm32f30x.c...
compiling usb_istr.c...
compiling usb_prop.c...
compiling main.c...
..\main.c(249): warning:  #1035-D: single-precision operand implicitly converted to double-precision
        fCosRoll = sqrt(1.0-(fSinRoll * fSinRoll));
..\main.c(251): warning:  #1035-D: single-precision operand implicitly converted to double-precision
        fCosPitch = sqrt(1.0-(fSinPitch * fSinPitch));
..\main.c: 2 warnings, 0 errors
compiling usb_endp.c...
compiling usb_pwr.c...
linking...
Program Size: Code=15960 RO-data=768 RW-data=452 ZI-data=1148  
".\Demo\Demo.axf" - 0 Error(s), 2 Warning(s).

<h2>Software Packages used:</h2>

Package Vendor: ARM
                http://www.keil.com/pack/ARM.CMSIS.4.5.0.pack
                ARM::CMSIS:CORE:4.3.0
                CMSIS (Cortex Microcontroller Software Interface Standard)
   * Component: CORE Version: 4.3.0

<h2>Collection of Component include folders:</h2>
  C:\Users\jonpol\Desktop\STM32F3-Discovery_FW_V1.1.0\Project\Demonstration\MDK-ARM\RTE
  C:\Keil_v5\ARM\PACK\ARM\CMSIS\4.5.0\CMSIS\Include
  C:\Keil_v5\ARM\PACK\Keil\STM32F3xx_DFP\1.3.0\Device\Include

<h2>Collection of Component Files used:</h2>

   * Component: ARM::CMSIS:CORE:4.3.0
Build Time Elapsed:  00:00:09
</pre>
</body>
</html>
